// Jest Snapshot v1, https://jestjs.io/docs/snapshot-testing

exports[`Command-line Tool CWL output should generate correct CWL for the echo tool and have no git differences 1`] = `
{
  "arguments": [
    "-n",
  ],
  "baseCommand": [
    "echo",
  ],
  "class": "CommandLineTool",
  "cwlVersion": "v1.2",
  "id": "echo",
  "inputs": [
    {
      "doc": "The message to echo",
      "id": "message",
      "type": [
        "null",
        "string",
      ],
    },
  ],
  "outputs": [
    {
      "id": "echoed",
      "type": "string",
    },
  ],
}
`;
